// Jest Snapshot v1, https://goo.gl/fbAQLP

exports[`the button component should render correctly 1`] = `
<DocumentFragment>
  <button
    data-testid="btn-test-id"
    type="submit"
  >
    text
  </button>
</DocumentFragment>
`;
