// Jest Snapshot v1, https://goo.gl/fbAQLP

exports[`The Checkout component should render correctly 1`] = `
<DocumentFragment>
  <div>
    Loading!...
  </div>
</DocumentFragment>
`;
